// Vitest Snapshot v1, https://vitest.dev/guide/snapshot.html

exports[`getSnapshot > captures the full scenario shape (golden) 1`] = `
{
  "annotations": [
    {
      "axisId": "default",
      "color": "#dc2626",
      "dashed": false,
      "id": "upper",
      "label": "Upper bound",
      "thickness": 1.5,
      "type": "horizontal",
      "y": 95,
    },
    {
      "color": "#6366f1",
      "dashed": true,
      "id": "marker",
      "label": "Marker",
      "thickness": 1.5,
      "type": "vertical",
      "x": "2024-01-03T00:00:00.000Z",
    },
  ],
  "axes": [
    {
      "color": null,
      "gridColor": undefined,
      "gridOpacity": undefined,
      "id": "default",
      "limits": null,
      "name": "default",
      "range": null,
      "scaleType": undefined,
      "showGrid": undefined,
      "yTickCount": undefined,
    },
    {
      "color": "#0891b2",
      "gridColor": undefined,
      "gridOpacity": undefined,
      "id": "pressure",
      "limits": [
        0,
        200,
      ],
      "name": "pressure",
      "range": null,
      "scaleType": "log",
      "showGrid": undefined,
      "yTickCount": undefined,
    },
  ],
  "nextPaletteIndex": 2,
  "series": [
    {
      "axisId": "default",
      "color": undefined,
      "curveType": undefined,
      "data": [
        {
          "date": "2024-01-01T00:00:00.000Z",
          "value": 50,
        },
        {
          "date": "2024-01-02T00:00:00.000Z",
          "value": 56.543893935923045,
        },
        {
          "date": "2024-01-03T00:00:00.000Z",
          "value": 62.36739606139474,
        },
        {
          "date": "2024-01-04T00:00:00.000Z",
          "value": 66.82941969615793,
        },
        {
          "date": "2024-01-05T00:00:00.000Z",
          "value": 69.43875802726626,
        },
        {
          "date": "2024-01-06T00:00:00.000Z",
          "value": 69.90815915503529,
        },
      ],
      "decimation": undefined,
      "dotBorderColor": undefined,
      "dotRadius": undefined,
      "id": "default",
      "labelFormat": undefined,
      "lineWeight": undefined,
      "showLabels": undefined,
      "smoothing": undefined,
    },
    {
      "axisId": "pressure",
      "color": "#e11d48",
      "curveType": undefined,
      "data": [
        {
          "date": "2024-01-01T00:00:00.000Z",
          "value": 80,
        },
        {
          "date": "2024-01-02T00:00:00.000Z",
          "value": 89.81584090388456,
        },
        {
          "date": "2024-01-03T00:00:00.000Z",
          "value": 98.55109409209211,
        },
        {
          "date": "2024-01-04T00:00:00.000Z",
          "value": 105.2441295442369,
        },
        {
          "date": "2024-01-05T00:00:00.000Z",
          "value": 109.15813704089938,
        },
        {
          "date": "2024-01-06T00:00:00.000Z",
          "value": 109.86223873255295,
        },
      ],
      "decimation": undefined,
      "dotBorderColor": undefined,
      "dotRadius": 2,
      "id": "p1",
      "labelFormat": undefined,
      "lineWeight": 3,
      "showLabels": undefined,
      "smoothing": undefined,
    },
    {
      "axisId": "default",
      "color": "#0891b2",
      "curveType": undefined,
      "data": [
        {
          "date": "2024-01-01T00:00:00.000Z",
          "value": 20,
        },
        {
          "date": "2024-01-02T00:00:00.000Z",
          "value": 26.543893935923045,
        },
        {
          "date": "2024-01-03T00:00:00.000Z",
          "value": 32.36739606139474,
        },
        {
          "date": "2024-01-04T00:00:00.000Z",
          "value": 36.82941969615793,
        },
      ],
      "decimation": undefined,
      "dotBorderColor": undefined,
      "dotRadius": undefined,
      "id": "p2",
      "labelFormat": undefined,
      "lineWeight": undefined,
      "showLabels": undefined,
      "smoothing": undefined,
    },
  ],
  "settings": {
    "animationDuration": 0,
    "appendAnimation": "none",
    "ariaLabel": "Line chart",
    "curveType": "monotoneX",
    "decimation": 0,
    "dotBorderColor": null,
    "dotRadius": 4,
    "easingType": "easeCubicInOut",
    "gridColor": "#e5e7eb",
    "gridOpacity": 0.7,
    "labelFormat": null,
    "lineColor": "#4f46e5",
    "lineWeight": 2,
    "margins": {
      "bottom": 40,
      "left": 60,
      "right": 30,
      "top": 20,
    },
    "maxDataPoints": null,
    "minOverlapForTransition": 2,
    "overlapThreshold": 0.3,
    "setDataAnimation": "drawOn",
    "showGrid": true,
    "showLabels": false,
    "showTooltip": true,
    "smoothing": 2,
    "theme": "dark",
    "title": "Scenario",
    "tooltipDateFormat": "%b %d, %Y",
    "tooltipValueFormat": ".2f",
    "updateDataAnimation": "morph",
    "xLabel": null,
    "xTickCount": null,
    "yLabel": null,
    "yScaleType": "linear",
    "yTickCount": null,
    "zoomEnabled": true,
    "zoomMode": "x",
    "zoomScaleExtent": [
      1,
      100,
    ],
  },
  "zoom": {
    "transform": {
      "k": 1,
      "x": 0,
      "y": 0,
    },
    "xDomainOverride": null,
    "yDomainOverrides": [],
  },
}
`;
